[dotenv@17.2.3] injecting env (6) from .env -- tip: ≡ƒöä add secrets lifecycle management: https://dotenvx.com/ops
Testing search...
≡ƒöì Checking credentials...
   Client ID: hXRWWysOdB3FzmGGsPevk5RKlHwyOzCS
   Client Secret: EXISTS
≡ƒÜÇ Requesting token from Amadeus...
Γ£à Token received successfully!
Success! Found 10 flights
